test_api_key_set (test_api_check.TestAPICheck.test_api_key_set) ... ok
test_models_accessible (test_api_check.TestAPICheck.test_models_accessible) ... ok
test_extract_tags_both (test_sanity.TestSanityCheck.test_extract_tags_both) ... ok
test_extract_tags_missing_public (test_sanity.TestSanityCheck.test_extract_tags_missing_public) ... ok
test_extract_tags_no_tags (test_sanity.TestSanityCheck.test_extract_tags_no_tags) ... ok

----------------------------------------------------------------------
Ran 5 tests in 1.986s

OK
